supervisor: 5 workers, gb budget 300s, z3 60000ms
  60s done=1(+1, 0.02/s) unit=1 unsat=0 SAT=0 unk=0 skip=0 kills=0 healthy=True eta=1.3h
  120s done=3(+2, 0.03/s) unit=1 unsat=2 SAT=0 unk=0 skip=0 kills=0 healthy=True eta=0.63h
  180s done=5(+2, 0.03/s) unit=2 unsat=3 SAT=0 unk=0 skip=0 kills=0 healthy=True eta=0.62h
  240s done=6(+1, 0.02/s) unit=2 unsat=4 SAT=0 unk=0 skip=0 kills=0 healthy=True eta=1.22h
  300s done=6(+0, 0.00/s) unit=2 unsat=4 SAT=0 unk=0 skip=0 kills=0 healthy=False eta=Noneh
  KILL shard 01 stuck 304s on class 30284 -> skipped, restarting
  KILL shard 03 stuck 304s on class 182795 -> skipped, restarting
  KILL shard 04 stuck 304s on class 12072 -> skipped, restarting
  360s done=6(+0, 0.00/s) unit=2 unsat=4 SAT=0 unk=0 skip=3 kills=3 healthy=False eta=Noneh
  420s done=8(+2, 0.03/s) unit=2 unsat=6 SAT=0 unk=0 skip=3 kills=3 healthy=True eta=0.57h
  480s done=9(+1, 0.02/s) unit=3 unsat=6 SAT=0 unk=0 skip=3 kills=3 healthy=True eta=1.12h
  KILL shard 02 stuck 303s on class 182641 -> skipped, restarting
  540s done=10(+1, 0.02/s) unit=4 unsat=6 SAT=0 unk=0 skip=4 kills=4 healthy=True eta=1.08h
  600s done=10(+0, 0.00/s) unit=4 unsat=6 SAT=0 unk=0 skip=4 kills=4 healthy=False eta=Noneh
  KILL shard 01 stuck 304s on class 147438 -> skipped, restarting
  KILL shard 04 stuck 304s on class 132152 -> skipped, restarting
  660s done=10(+0, 0.00/s) unit=4 unsat=6 SAT=0 unk=0 skip=6 kills=6 healthy=False eta=Noneh
  KILL shard 00 stuck 300s on class 132153 -> skipped, restarting
  720s done=11(+1, 0.02/s) unit=4 unsat=7 SAT=0 unk=0 skip=7 kills=7 healthy=True eta=1.02h
  780s done=11(+0, 0.00/s) unit=4 unsat=7 SAT=0 unk=0 skip=7 kills=7 healthy=False eta=Noneh
  KILL shard 03 stuck 302s on class 12071 -> skipped, restarting
  KILL shard 02 stuck 305s on class 128850 -> skipped, restarting
  840s done=11(+0, 0.00/s) unit=4 unsat=7 SAT=0 unk=0 skip=9 kills=9 healthy=False eta=Noneh
  900s done=13(+2, 0.03/s) unit=4 unsat=9 SAT=0 unk=0 skip=9 kills=9 healthy=True eta=0.48h
  KILL shard 04 stuck 305s on class 169016 -> skipped, restarting
  960s done=13(+0, 0.00/s) unit=4 unsat=9 SAT=0 unk=0 skip=10 kills=10 healthy=False eta=Noneh
  KILL shard 01 stuck 304s on class 153853 -> skipped, restarting
  KILL shard 00 stuck 305s on class 105317 -> skipped, restarting
  1020s done=13(+0, 0.00/s) unit=4 unsat=9 SAT=0 unk=0 skip=12 kills=12 healthy=False eta=Noneh
  1081s done=13(+0, 0.00/s) unit=4 unsat=9 SAT=0 unk=0 skip=12 kills=12 healthy=False eta=Noneh
  1141s done=13(+0, 0.00/s) unit=4 unsat=9 SAT=0 unk=0 skip=12 kills=12 healthy=False eta=Noneh
  KILL shard 02 stuck 304s on class 17608 -> skipped, restarting
  KILL shard 03 stuck 301s on class 17929 -> skipped, restarting
  1201s done=13(+0, 0.00/s) unit=4 unsat=9 SAT=0 unk=0 skip=14 kills=14 healthy=False eta=Noneh
  KILL shard 04 stuck 305s on class 173231 -> skipped, restarting
  1261s done=13(+0, 0.00/s) unit=4 unsat=9 SAT=0 unk=0 skip=15 kills=15 healthy=False eta=Noneh
  KILL shard 01 stuck 305s on class 169047 -> skipped, restarting
  KILL shard 00 stuck 305s on class 12159 -> skipped, restarting
  1321s done=13(+0, 0.00/s) unit=4 unsat=9 SAT=0 unk=0 skip=17 kills=17 healthy=False eta=Noneh
  1381s done=15(+2, 0.03/s) unit=4 unsat=11 SAT=0 unk=0 skip=17 kills=17 healthy=True eta=0.39h
  1441s done=17(+2, 0.03/s) unit=5 unsat=12 SAT=0 unk=0 skip=17 kills=17 healthy=True eta=0.38h
  KILL shard 02 stuck 305s on class 42417 -> skipped, restarting
  KILL shard 03 stuck 305s on class 168955 -> skipped, restarting
  1501s done=19(+2, 0.03/s) unit=7 unsat=12 SAT=0 unk=0 skip=19 kills=19 healthy=True eta=0.34h
  1561s done=19(+0, 0.00/s) unit=7 unsat=12 SAT=0 unk=0 skip=19 kills=19 healthy=False eta=Noneh
  1621s done=19(+0, 0.00/s) unit=7 unsat=12 SAT=0 unk=0 skip=19 kills=19 healthy=False eta=Noneh
  1681s done=19(+0, 0.00/s) unit=7 unsat=12 SAT=0 unk=0 skip=19 kills=19 healthy=False eta=Noneh
  KILL shard 01 stuck 303s on class 8579 -> skipped, restarting
  1741s done=19(+0, 0.00/s) unit=7 unsat=12 SAT=0 unk=0 skip=20 kills=20 healthy=False eta=Noneh
  KILL shard 00 stuck 303s on class 57174 -> skipped, restarting
  KILL shard 02 stuck 304s on class 151571 -> skipped, restarting
  KILL shard 04 stuck 304s on class 148003 -> skipped, restarting
  KILL shard 03 stuck 305s on class 111948 -> skipped, restarting
  1801s done=20(+1, 0.02/s) unit=7 unsat=13 SAT=0 unk=0 skip=24 kills=24 healthy=True eta=0.58h
  1861s done=22(+2, 0.03/s) unit=8 unsat=14 SAT=0 unk=0 skip=24 kills=24 healthy=True eta=0.28h
  1921s done=24(+2, 0.03/s) unit=9 unsat=15 SAT=0 unk=0 skip=24 kills=24 healthy=True eta=0.26h
  1981s done=25(+1, 0.02/s) unit=10 unsat=15 SAT=0 unk=0 skip=24 kills=24 healthy=True eta=0.5h
  2041s done=26(+1, 0.02/s) unit=11 unsat=15 SAT=0 unk=0 skip=24 kills=24 healthy=True eta=0.48h
  KILL shard 02 stuck 305s on class 178352 -> skipped, restarting
  2101s done=29(+3, 0.05/s) unit=13 unsat=16 SAT=0 unk=0 skip=25 kills=25 healthy=True eta=0.14h
  2161s done=30(+1, 0.02/s) unit=14 unsat=16 SAT=0 unk=0 skip=25 kills=25 healthy=True eta=0.4h
  KILL shard 03 stuck 303s on class 173225 -> skipped, restarting
  2221s done=30(+0, 0.00/s) unit=14 unsat=16 SAT=0 unk=0 skip=26 kills=26 healthy=False eta=Noneh
  2281s done=32(+2, 0.03/s) unit=16 unsat=16 SAT=0 unk=0 skip=26 kills=26 healthy=True eta=0.18h
  KILL shard 00 stuck 302s on class 148042 -> skipped, restarting
  2341s done=32(+0, 0.00/s) unit=16 unsat=16 SAT=0 unk=0 skip=27 kills=27 healthy=False eta=Noneh
  KILL shard 01 stuck 303s on class 132403 -> skipped, restarting
  2401s done=33(+1, 0.02/s) unit=17 unsat=16 SAT=0 unk=0 skip=28 kills=28 healthy=True eta=0.3h
  KILL shard 02 stuck 304s on class 104110 -> skipped, restarting
  2461s done=35(+2, 0.03/s) unit=17 unsat=18 SAT=0 unk=0 skip=29 kills=29 healthy=True eta=0.13h
  KILL shard 03 stuck 305s on class 139041 -> skipped, restarting
  2521s done=35(+0, 0.00/s) unit=17 unsat=18 SAT=0 unk=0 skip=30 kills=30 healthy=False eta=Noneh
  KILL shard 04 stuck 304s on class 50544 -> skipped, restarting
  2581s done=35(+0, 0.00/s) unit=17 unsat=18 SAT=0 unk=0 skip=31 kills=31 healthy=False eta=Noneh
  2641s done=35(+0, 0.00/s) unit=17 unsat=18 SAT=0 unk=0 skip=31 kills=31 healthy=False eta=Noneh
  2701s done=35(+0, 0.00/s) unit=17 unsat=18 SAT=0 unk=0 skip=31 kills=31 healthy=False eta=Noneh
  KILL shard 00 stuck 305s on class 169017 -> skipped, restarting
  KILL shard 02 stuck 305s on class 132404 -> skipped, restarting
  KILL shard 01 stuck 301s on class 182453 -> skipped, restarting
  2761s done=35(+0, 0.00/s) unit=17 unsat=18 SAT=0 unk=0 skip=34 kills=34 healthy=False eta=Noneh
  KILL shard 03 stuck 305s on class 104147 -> skipped, restarting
  2821s done=36(+1, 0.02/s) unit=17 unsat=19 SAT=0 unk=0 skip=35 kills=35 healthy=True eta=0.13h
  KILL shard 04 stuck 305s on class 168207 -> skipped, restarting
  2881s done=37(+1, 0.02/s) unit=17 unsat=20 SAT=0 unk=0 skip=36 kills=36 healthy=True eta=0.1h
  2941s done=38(+1, 0.02/s) unit=18 unsat=20 SAT=0 unk=0 skip=36 kills=36 healthy=True eta=0.08h
  3001s done=41(+3, 0.05/s) unit=21 unsat=20 SAT=0 unk=0 skip=36 kills=36 healthy=True eta=0.01h
  3061s done=41(+0, 0.00/s) unit=21 unsat=20 SAT=0 unk=0 skip=36 kills=36 healthy=False eta=Noneh
  3121s done=41(+0, 0.00/s) unit=21 unsat=20 SAT=0 unk=0 skip=36 kills=36 healthy=False eta=Noneh
  KILL shard 04 stuck 305s on class 139056 -> skipped, restarting
  3181s done=41(+0, 0.00/s) unit=21 unsat=20 SAT=0 unk=0 skip=37 kills=37 healthy=False eta=Noneh
  3241s done=41(+0, 0.00/s) unit=21 unsat=20 SAT=0 unk=0 skip=37 kills=37 healthy=False eta=Noneh
  3302s done=41(+0, 0.00/s) unit=21 unsat=20 SAT=0 unk=0 skip=37 kills=37 healthy=False eta=Noneh
  3362s done=41(+0, 0.00/s) unit=21 unsat=20 SAT=0 unk=0 skip=37 kills=37 healthy=False eta=Noneh
  3422s done=41(+0, 0.00/s) unit=21 unsat=20 SAT=0 unk=0 skip=37 kills=37 healthy=False eta=Noneh
  KILL shard 04 stuck 304s on class 153201 -> skipped, restarting
  3482s done=41(+0, 0.00/s) unit=21 unsat=20 SAT=0 unk=0 skip=38 kills=38 healthy=False eta=Noneh

ALL WORKERS EXHAUSTED 3482s: done=41 refuted=41 (unit 21 + unsat 20) SAT=0 z3_unknown=0 skipped=38
