admissible splits: 9

(i) MONOTONICITY OF THE RECORDED LADDER  (min over a FIXED feasible set of
    max|e_1..e_k| must be non-decreasing in k)
    [[2, 3], [0, 1, 4, 5]] ['0.00e+00', '2.06e-16', '1.45e-04', '6.50e-06']   violations at k->k+1: [(3, 4)]
    [[0, 2, 3], [1, 4, 5]] ['7.04e-17', '1.74e-04', '1.84e-04', '2.97e-05']   violations at k->k+1: [(3, 4)]
    [[1, 2, 3], [0, 4, 5]] ['2.20e-16', '4.89e-05', '1.32e-04', '2.36e-05']   violations at k->k+1: [(3, 4)]
    [[1, 4], [0, 2, 3, 5]] ['3.35e-16', '3.31e-16', '2.43e-04', '6.73e-06']   violations at k->k+1: [(1, 2), (3, 4)]

(ii) RE-RUN the ladder, 300 restarts, guards ON (same margins as caseA2)
     split                 1eq        2eq        3eq        4eq      acc%(4eq)
     [2, 3]|[0, 1, 4, 5]   0.00e+00  1.75e-16  3.24e-05  2.88e-06   253/300
     [0, 2, 3]|[1, 4, 5]   0.00e+00  6.80e-05  2.30e-05  1.85e-05   247/300
     [1, 2, 3]|[0, 4, 5]   0.00e+00  1.85e-05  5.27e-05  1.89e-05   248/300
     [1, 4]|[0, 2, 3, 5]   0.00e+00  0.00e+00  6.53e-05  2.24e-06   259/300

(iii) SAME LADDER WITH THE GUARDS OFF (pure equations, no rejection)
     split                 1eq        2eq        3eq        4eq   | margins of the 3eq root
     [2, 3]|[0, 1, 4, 5]   0.00e+00  1.75e-16  8.47e-10  4.91e-09  | mind=4.63e-10 det=2.33e-11 16K2=0.00e+00
     [0, 2, 3]|[1, 4, 5]   0.00e+00  9.00e-11  3.19e-09  7.26e-09  | mind=7.28e-09 det=4.21e-11 16K2=0.00e+00
     [1, 2, 3]|[0, 4, 5]   0.00e+00  1.13e-10  2.67e-12  1.04e-08  | mind=1.47e-13 det=7.95e-16 16K2=0.00e+00
     [1, 4]|[0, 2, 3, 5]   0.00e+00  0.00e+00  8.59e-10  1.30e-08  | mind=8.88e-10 det=5.58e-12 16K2=2.17e-19

(iv) DO 3-EQUATION ROOTS EXIST OUTSIDE THE GUARDS?  collect every root with
     max|e|<1e-10 from 900 restarts, guards off, and histogram their margins
     [2, 3]|[0, 1, 4, 5]  3 roots.  min_dist: max 1.293e-11  (guard 1e-2, 0 pass)
                            min_det4: max 4.604e-13  (guard 1e-4, 0 pass)   scale<40: 3
                            roots passing ALL guards: 0
     [0, 2, 3]|[1, 4, 5]  1 roots.  min_dist: max 1.589e-10  (guard 1e-2, 0 pass)
                            min_det4: max 9.386e-13  (guard 1e-4, 0 pass)   scale<40: 1
                            roots passing ALL guards: 0

[exited with code 0]
