Loading image file: ./red/reduce.img 
Reduce (Free PSL version, revision 7327), build date 08-Mar-2026 ...

1: 
2: Redlog Revision 7176 of 2025-09-24, 14:31:43Z
(c) 1992-2025 T. Sturm and A. Dolzmann (www.redlog.eu)
type ?; for help

{}

3: 
4: 
5: 5: 5: 5: 5: 5: 5: 5: 5: 5: 5: 5: 5: 5: 5: 5: 5: 5: 5: 5: 5: 5: 5: 5: 5: 5: 5: 5: 5: 5: 5: 5: 5: 
phi := ex(t2,ex(t3,ex(t4,8*t2**4*t3**3*t4**3 - 4*t2**4*t3**2*t4**4 + 8*t2**4*t3*
t4**3 + 8*t2**4*t3*t4 - 4*t2**4*t4**2 - 4*t2**3*t3**4*t4**3 - 4*t2**3*t3**3*t4**
4 + 12*t2**3*t3**3*t4**2 - 20*t2**3*t3**2*t4**3 - 12*t2**3*t3**2*t4 - 8*t2**3*t3
*t4**4 - 4*t2**3*t3*t4**2 + 4*t2**3*t3 + 8*t2**3*t4**3 - 4*t2**3*t4 + 4*t2**2*t3
**4*t4**4 - 8*t2**2*t3**4*t4**2 + 8*t2**2*t3**3*t4**3 + 8*t2**2*t3**3*t4 + 8*t2
**2*t3**2*t4**4 - 8*t2**2*t3**2 - 4*t2**2*t4**4 + 8*t2**2*t4**2 + 8*t2*t3**4*t4
**3 - 4*t2*t3**4*t4 - 8*t2*t3**3*t4**4 + 12*t2*t3**3*t4**2 + 4*t2*t3**3 - 4*t2*
t3**2*t4**3 + 4*t2*t3**2*t4 - 4*t2*t3*t4**4 - 4*t2*t3*t4**2 - 4*t2*t4**3 + 4*t3
**4*t4**2 - 8*t3**3*t4**3 + 4*t3**2*t4**4 = 0 and  - 4*t2**4*t3**3*t4**3 + 4*t2
**4*t3**2*t4**4 - 8*t2**4*t3**2*t4**2 + 8*t2**4*t3*t4**3 - 4*t2**4*t3*t4 + 4*t2
**4*t4**2 + 8*t2**3*t3**4*t4**3 - 4*t2**3*t3**3*t4**4 + 12*t2**3*t3**3*t4**2 + 8
*t2**3*t3**2*t4**3 + 8*t2**3*t3**2*t4 - 8*t2**3*t3*t4**4 + 12*t2**3*t3*t4**2 + 4
*t2**3*t3 - 8*t2**3*t4**3 - 4*t2**2*t3**4*t4**4 - 20*t2**2*t3**3*t4**3 - 12*t2**
2*t3**3*t4 + 8*t2**2*t3**2*t4**4 - 8*t2**2*t3**2 - 4*t2**2*t3*t4**3 + 4*t2**2*t3
*t4 + 4*t2**2*t4**4 + 8*t2*t3**4*t4**3 + 8*t2*t3**4*t4 - 8*t2*t3**3*t4**4 - 4*t2
*t3**3*t4**2 + 4*t2*t3**3 - 4*t2*t3*t4**4 - 4*t2*t3*t4**2 - 4*t3**4*t4**2 + 8*t3
**3*t4**3 - 4*t3**3*t4 - 4*t3**2*t4**4 + 8*t3**2*t4**2 - 4*t3*t4**3 = 0 and  - 4
*t2 + 4*t3 <> 0 and 4*t2**3*t4**2 + 4*t2**2*t4 + 4*t2*t4**2 + 4*t4 <> 0 and 4*t2
*t3**2*t4**2 - 4*t2 + 4*t3**2*t4 + 4*t3*t4**2 + 4*t3 + 4*t4 <> 0 and 4*t2**2*t3*
t4**2 + 4*t2**2*t4 + 4*t2*t4**2 + 4*t2 - 4*t3 + 4*t4 <> 0 and 4*t3**3*t4**2 + 4*
t3**2*t4 + 4*t3*t4**2 + 4*t4 <> 0 and  - 4*t2**2*t3*t4**4 - 4*t2**2*t3*t4**2 - 4
*t2**2*t4**3 - 4*t2**2*t4 + 4*t2*t3**2*t4**4 + 4*t2*t3**2*t4**2 - 4*t2*t4**2 - 4
*t2 + 4*t3**2*t4**3 + 4*t3**2*t4 + 4*t3*t4**2 + 4*t3 <> 0 and 4*t2**2*t3*t4**2 +
 4*t2**2*t4 - 4*t2*t3**2*t4**2 - 4*t2*t4**2 - 4*t3**2*t4 + 4*t3*t4**2 <> 0 and 4
*t2**4*t3**3*t4**2 + 4*t2**4*t3**2*t4 + 4*t2**4*t3*t4**2 + 4*t2**4*t4 - 4*t2**3*
t3**4*t4**2 - 8*t2**3*t3**2*t4**2 - 4*t2**3*t4**2 - 4*t2**2*t3**4*t4 + 8*t2**2*
t3**3*t4**2 + 8*t2**2*t3*t4**2 + 4*t2**2*t4 - 4*t2*t3**4*t4**2 - 8*t2*t3**2*t4**
2 - 4*t2*t4**2 - 4*t3**4*t4 + 4*t3**3*t4**2 - 4*t3**2*t4 + 4*t3*t4**2 <> 0 and  
- 4*t2**2*t3*t4**4 - 4*t2**2*t3*t4**2 - 4*t2**2*t4**3 - 4*t2**2*t4 + 4*t2*t3**2*
t4**4 + 4*t2*t3**2*t4**2 + 4*t2*t4**4 + 4*t2*t4**2 + 4*t3**2*t4**3 + 4*t3**2*t4 
- 4*t3*t4**4 - 4*t3*t4**2 <> 0 and  - 4*t2**2*t3*t4**4 - 4*t2**2*t3*t4**2 - 4*t2
**2*t4**3 - 4*t2**2*t4 + 4*t2*t3**2*t4**4 + 4*t2*t3**2*t4**2 + 4*t2*t4**4 + 4*t2
*t4**2 + 4*t3**2*t4**3 + 4*t3**2*t4 - 4*t3*t4**4 - 4*t3*t4**2 <> 0 and 32*t2**3*
t4**2 - 32*t2**2*t3*t4**2 + 32*t2**2*t4 - 32*t2*t3*t4 <> 0 and 32*t2*t3**2*t4**2
 + 32*t2*t3*t4 - 32*t3**3*t4**2 - 32*t3**2*t4 <> 0 and  - 32*t2**3*t3*t4**3 - 32
*t2**3*t4**2 + 32*t2**2*t3**2*t4**3 + 32*t2**2*t3*t4**4 + 32*t2**2*t4**3 - 32*t2
**2*t4 - 32*t2*t3**2*t4**4 + 32*t2*t3**2*t4**2 + 32*t2*t3*t4 + 32*t2*t4**2 - 32*
t3**2*t4**3 - 32*t3*t4**2 <> 0 and  - 32*t2**2*t3**2*t4**3 + 32*t2**2*t3*t4**4 -
 32*t2**2*t3*t4**2 + 32*t2**2*t4**3 + 32*t2*t3**3*t4**3 - 32*t2*t3**2*t4**4 - 32
*t2*t3*t4 + 32*t2*t4**2 + 32*t3**3*t4**2 - 32*t3**2*t4**3 + 32*t3**2*t4 - 32*t3*
t4**2 <> 0 and  - 32*t2**4*t3**2*t4**3 + 32*t2**4*t3*t4**4 - 32*t2**4*t3*t4**2 +
 32*t2**4*t4**3 + 64*t2**3*t3**3*t4**3 - 32*t2**3*t3**2*t4**4 + 32*t2**3*t3**2*
t4**2 + 64*t2**3*t3*t4**3 - 32*t2**3*t4**4 + 32*t2**3*t4**2 - 32*t2**2*t3**4*t4
**3 - 32*t2**2*t3**3*t4**4 + 32*t2**2*t3**3*t4**2 - 192*t2**2*t3**2*t4**3 + 32*
t2**2*t3*t4**4 - 32*t2**2*t3*t4**2 - 32*t2**2*t4**3 + 32*t2*t3**4*t4**4 - 32*t2*
t3**4*t4**2 + 64*t2*t3**3*t4**3 + 32*t2*t3**2*t4**4 - 32*t2*t3**2*t4**2 + 64*t2*
t3*t4**3 + 32*t3**4*t4**3 - 32*t3**3*t4**4 + 32*t3**3*t4**2 - 32*t3**2*t4**3 <> 
0 and 4 > 0 and 4 > 0 and 4*t2**4*t4**4 + 4*t2**4*t4**2 + 8*t2**3*t4**3 + 8*t2**
3*t4 + 4*t2**2*t4**4 + 8*t2**2*t4**2 + 4*t2**2 + 8*t2*t4**3 + 8*t2*t4 + 4*t4**2 
+ 4 > 0 and 4*t3**4*t4**4 + 4*t3**4*t4**2 + 8*t3**3*t4**3 + 8*t3**3*t4 + 4*t3**2
*t4**4 + 8*t3**2*t4**2 + 4*t3**2 + 8*t3*t4**3 + 8*t3*t4 + 4*t4**2 + 4 > 0 and 4*
t2**4*t3**2 + 4*t2**4 - 8*t2**3*t3**3 - 8*t2**3*t3 + 4*t2**2*t3**4 + 8*t2**2*t3
**2 + 4*t2**2 - 8*t2*t3**3 - 8*t2*t3 + 4*t3**4 + 4*t3**2 > 0 and 4*t4**2 > 0 and
 4*t2**4*t3**4*t4**4 + 4*t2**4*t3**4*t4**2 + 8*t2**4*t3**3*t4**3 + 8*t2**4*t3**3
*t4 + 4*t2**4*t3**2*t4**4 + 8*t2**4*t3**2*t4**2 + 4*t2**4*t3**2 + 8*t2**4*t3*t4
**3 + 8*t2**4*t3*t4 + 4*t2**4*t4**2 + 4*t2**4 - 8*t2**3*t3**4*t4**3 - 8*t2**3*t3
**4*t4 - 8*t2**3*t3**3*t4**4 - 16*t2**3*t3**3*t4**2 - 8*t2**3*t3**3 - 16*t2**3*
t3**2*t4**3 - 16*t2**3*t3**2*t4 - 8*t2**3*t3*t4**4 - 16*t2**3*t3*t4**2 - 8*t2**3
*t3 - 8*t2**3*t4**3 - 8*t2**3*t4 + 20*t2**2*t3**4*t4**4 + 24*t2**2*t3**4*t4**2 +
 4*t2**2*t3**4 + 16*t2**2*t3**3*t4**3 + 16*t2**2*t3**3*t4 + 24*t2**2*t3**2*t4**4
 + 32*t2**2*t3**2*t4**2 + 8*t2**2*t3**2 + 16*t2**2*t3*t4**3 + 16*t2**2*t3*t4 + 4
*t2**2*t4**4 + 8*t2**2*t4**2 + 4*t2**2 - 8*t2*t3**4*t4**3 - 8*t2*t3**4*t4 - 8*t2
*t3**3*t4**4 - 16*t2*t3**3*t4**2 - 8*t2*t3**3 - 16*t2*t3**2*t4**3 - 16*t2*t3**2*
t4 - 8*t2*t3*t4**4 - 16*t2*t3*t4**2 - 8*t2*t3 - 8*t2*t4**3 - 8*t2*t4 + 16*t3**4*
t4**4 + 20*t3**4*t4**2 + 4*t3**4 + 8*t3**3*t4**3 + 8*t3**3*t4 + 20*t3**2*t4**4 +
 24*t3**2*t4**2 + 4*t3**2 + 8*t3*t4**3 + 8*t3*t4 + 4*t4**4 + 4*t4**2 > 0 and 4*
t2**4*t3**4*t4**4 + 4*t2**4*t3**4*t4**2 - 8*t2**4*t3**3*t4**3 - 8*t2**4*t3**3*t4
 + 20*t2**4*t3**2*t4**4 + 24*t2**4*t3**2*t4**2 + 4*t2**4*t3**2 - 8*t2**4*t3*t4**
3 - 8*t2**4*t3*t4 + 16*t2**4*t4**4 + 20*t2**4*t4**2 + 4*t2**4 + 8*t2**3*t3**4*t4
**3 + 8*t2**3*t3**4*t4 - 8*t2**3*t3**3*t4**4 - 16*t2**3*t3**3*t4**2 - 8*t2**3*t3
**3 + 16*t2**3*t3**2*t4**3 + 16*t2**3*t3**2*t4 - 8*t2**3*t3*t4**4 - 16*t2**3*t3*
t4**2 - 8*t2**3*t3 + 8*t2**3*t4**3 + 8*t2**3*t4 + 4*t2**2*t3**4*t4**4 + 8*t2**2*
t3**4*t4**2 + 4*t2**2*t3**4 - 16*t2**2*t3**3*t4**3 - 16*t2**2*t3**3*t4 + 24*t2**
2*t3**2*t4**4 + 32*t2**2*t3**2*t4**2 + 8*t2**2*t3**2 - 16*t2**2*t3*t4**3 - 16*t2
**2*t3*t4 + 20*t2**2*t4**4 + 24*t2**2*t4**2 + 4*t2**2 + 8*t2*t3**4*t4**3 + 8*t2*
t3**4*t4 - 8*t2*t3**3*t4**4 - 16*t2*t3**3*t4**2 - 8*t2*t3**3 + 16*t2*t3**2*t4**3
 + 16*t2*t3**2*t4 - 8*t2*t3*t4**4 - 16*t2*t3*t4**2 - 8*t2*t3 + 8*t2*t4**3 + 8*t2
*t4 + 4*t3**4*t4**2 + 4*t3**4 - 8*t3**3*t4**3 - 8*t3**3*t4 + 4*t3**2*t4**4 + 8*
t3**2*t4**2 + 4*t3**2 - 8*t3*t4**3 - 8*t3*t4 + 4*t4**4 + 4*t4**2 > 0 and 4*t4**2
 > 0 and 4*t2**4*t3**2 + 4*t2**4 - 8*t2**3*t3**3 - 8*t2**3*t3 + 4*t2**2*t3**4 + 
8*t2**2*t3**2 + 4*t2**2 - 8*t2*t3**3 - 8*t2*t3 + 4*t3**4 + 4*t3**2 > 0 and 4*t2
**2*t3*t4 - 4*t2*t3**2*t4 - 4*t2*t3*t4**2 + 4*t3**2*t4**2 <> 0 and  - 4*t2**2*t3
*t4 + 4*t2**2*t4**2 + 4*t2*t3**2*t4 - 4*t2*t3*t4**2 <> 0 and 8*t2**4*t3**3*t4**3
 - 4*t2**4*t3**2*t4**4 + 8*t2**4*t3*t4**3 + 8*t2**4*t3*t4 - 4*t2**4*t4**2 - 8*t2
**3*t3**4*t4**3 - 8*t2**3*t3**2*t4**3 - 24*t2**3*t3**2*t4 - 8*t2**3*t3*t4**4 + 8
*t2**3*t3*t4**2 + 8*t2**3*t4**3 + 4*t2**2*t3**4*t4**4 + 8*t2**2*t3**3*t4**3 + 24
*t2**2*t3**3*t4 - 16*t2**2*t3*t4**3 - 4*t2**2*t4**4 - 8*t2*t3**4*t4**3 - 8*t2*t3
**4*t4 + 8*t2*t3**3*t4**4 - 8*t2*t3**3*t4**2 + 16*t2*t3**2*t4**3 + 4*t3**4*t4**2
 - 8*t3**3*t4**3 + 4*t3**2*t4**4 <> 0)))$

6: ++++ Entering cl_qe
---- (ex t2 t3 t4) [DFS DYN]
[3:1] [Failed:t4^3] [DEL 0/1 = 0.0%]
+++ Requantification ... done
+++ Final simplification ... 17 -> 17
++++ Entering fallback QE: ofsf_cad with optimization of projection order
+++ Optimizing projection order.
+ input order by blocks: -> (t2 t3 t4) -> nil
+ current input block: (t2 t3 t4)
[t2:1706] [t3:1706] [t4:1236] choose t4
[t2:52789] [t3:52789] choose t2
+ reordered block: (t4 t2 t3)
+ optimized order: -> (t4 t2 t3) -> nil
+++ Preparation Phase
+ Kernel order set to (t4 t2 t3)
+++ Projection Phase
+ projection order: (t4 t2 t3)
+ number of all projection factors: 757
+ number of projection factors of level r,...,1: 15,45,697
+++ Extension Phase
+ Building partial CAD tree...
