Loading image file: ./red/reduce.img 
Reduce (Free PSL version, revision 7327), build date 08-Mar-2026 ...

1: 
2: Redlog Revision 7176 of 2025-09-24, 14:31:43Z
(c) 1992-2025 T. Sturm and A. Dolzmann (www.redlog.eu)
type ?; for help

{}

3: 
4: 
5: 5: 5: 5: 5: 5: 5: 5: 5: 5: 5: 5: 
phi := ex(t2,ex(t3,ex(t4,8*t2**4*t3**3*t4**3 - 4*t2**4*t3**2*t4**4 + 8*t2**4*t3*
t4**3 + 8*t2**4*t3*t4 - 4*t2**4*t4**2 - 4*t2**3*t3**4*t4**3 - 4*t2**3*t3**3*t4**
4 + 12*t2**3*t3**3*t4**2 - 20*t2**3*t3**2*t4**3 - 12*t2**3*t3**2*t4 - 8*t2**3*t3
*t4**4 - 4*t2**3*t3*t4**2 + 4*t2**3*t3 + 8*t2**3*t4**3 - 4*t2**3*t4 + 4*t2**2*t3
**4*t4**4 - 8*t2**2*t3**4*t4**2 + 8*t2**2*t3**3*t4**3 + 8*t2**2*t3**3*t4 + 8*t2
**2*t3**2*t4**4 - 8*t2**2*t3**2 - 4*t2**2*t4**4 + 8*t2**2*t4**2 + 8*t2*t3**4*t4
**3 - 4*t2*t3**4*t4 - 8*t2*t3**3*t4**4 + 12*t2*t3**3*t4**2 + 4*t2*t3**3 - 4*t2*
t3**2*t4**3 + 4*t2*t3**2*t4 - 4*t2*t3*t4**4 - 4*t2*t3*t4**2 - 4*t2*t4**3 + 4*t3
**4*t4**2 - 8*t3**3*t4**3 + 4*t3**2*t4**4 = 0 and  - 4*t2**4*t3**3*t4**3 + 4*t2
**4*t3**2*t4**4 - 8*t2**4*t3**2*t4**2 + 8*t2**4*t3*t4**3 - 4*t2**4*t3*t4 + 4*t2
**4*t4**2 + 8*t2**3*t3**4*t4**3 - 4*t2**3*t3**3*t4**4 + 12*t2**3*t3**3*t4**2 + 8
*t2**3*t3**2*t4**3 + 8*t2**3*t3**2*t4 - 8*t2**3*t3*t4**4 + 12*t2**3*t3*t4**2 + 4
*t2**3*t3 - 8*t2**3*t4**3 - 4*t2**2*t3**4*t4**4 - 20*t2**2*t3**3*t4**3 - 12*t2**
2*t3**3*t4 + 8*t2**2*t3**2*t4**4 - 8*t2**2*t3**2 - 4*t2**2*t3*t4**3 + 4*t2**2*t3
*t4 + 4*t2**2*t4**4 + 8*t2*t3**4*t4**3 + 8*t2*t3**4*t4 - 8*t2*t3**3*t4**4 - 4*t2
*t3**3*t4**2 + 4*t2*t3**3 - 4*t2*t3*t4**4 - 4*t2*t3*t4**2 - 4*t3**4*t4**2 + 8*t3
**3*t4**3 - 4*t3**3*t4 - 4*t3**2*t4**4 + 8*t3**2*t4**2 - 4*t3*t4**3 = 0 and 32*
t2**3*t4**2 - 32*t2**2*t3*t4**2 + 32*t2**2*t4 - 32*t2*t3*t4 <> 0 and 32*t2*t3**2
*t4**2 + 32*t2*t3*t4 - 32*t3**3*t4**2 - 32*t3**2*t4 <> 0 and  - 32*t2**3*t3*t4**
3 - 32*t2**3*t4**2 + 32*t2**2*t3**2*t4**3 + 32*t2**2*t3*t4**4 + 32*t2**2*t4**3 -
 32*t2**2*t4 - 32*t2*t3**2*t4**4 + 32*t2*t3**2*t4**2 + 32*t2*t3*t4 + 32*t2*t4**2
 - 32*t3**2*t4**3 - 32*t3*t4**2 <> 0 and  - 32*t2**2*t3**2*t4**3 + 32*t2**2*t3*
t4**4 - 32*t2**2*t3*t4**2 + 32*t2**2*t4**3 + 32*t2*t3**3*t4**3 - 32*t2*t3**2*t4
**4 - 32*t2*t3*t4 + 32*t2*t4**2 + 32*t3**3*t4**2 - 32*t3**2*t4**3 + 32*t3**2*t4 
- 32*t3*t4**2 <> 0 and  - 32*t2**4*t3**2*t4**3 + 32*t2**4*t3*t4**4 - 32*t2**4*t3
*t4**2 + 32*t2**4*t4**3 + 64*t2**3*t3**3*t4**3 - 32*t2**3*t3**2*t4**4 + 32*t2**3
*t3**2*t4**2 + 64*t2**3*t3*t4**3 - 32*t2**3*t4**4 + 32*t2**3*t4**2 - 32*t2**2*t3
**4*t4**3 - 32*t2**2*t3**3*t4**4 + 32*t2**2*t3**3*t4**2 - 192*t2**2*t3**2*t4**3 
+ 32*t2**2*t3*t4**4 - 32*t2**2*t3*t4**2 - 32*t2**2*t4**3 + 32*t2*t3**4*t4**4 - 
32*t2*t3**4*t4**2 + 64*t2*t3**3*t4**3 + 32*t2*t3**2*t4**4 - 32*t2*t3**2*t4**2 + 
64*t2*t3*t4**3 + 32*t3**4*t4**3 - 32*t3**3*t4**4 + 32*t3**3*t4**2 - 32*t3**2*t4
**3 <> 0)))$

6: ++++ Entering cl_qe
---- (ex t2 t3 t4) [DFS DYN]
[3:1] [Failed:t4^4] [DEL 0/1 = 0.0%]
+++ Requantification ... done
+++ Final simplification ... 12 -> 12
++++ Entering fallback QE: ofsf_cad with optimization of projection order
+++ Optimizing projection order.
+ input order by blocks: -> (t2 t3 t4) -> nil
+ current input block: (t2 t3 t4)
[t2:1383] [t3:1383] [t4:929] choose t4
[t2:22859] [t3:22859] choose t2
+ reordered block: (t4 t2 t3)
+ optimized order: -> (t4 t2 t3) -> nil
+++ Preparation Phase
+ Kernel order set to (t4 t2 t3)
+++ Projection Phase
+ projection order: (t4 t2 t3)
+ number of all projection factors: 210
+ number of projection factors of level r,...,1: 9,21,180
+++ Extension Phase
+ Building partial CAD tree...
