[0, [65521, 
16, 
32, 
['u', 'v', 'w', 'x', 'y', 't1', 't2', 't3', 't4', 't5', 't6', 't7', 't8', 't9', 't10', 'A'],
[-30,-101,-65,104,-119,-47,11,-95,118,89,-42,-106,36,30,-11,-6],
[1,
[[32,
[19929, 54297, 41024, 47118, 2604, 20308, 57293, 40042, 35837, 7512, 2852, 62604, 60692, 16173, 51212, 50702, 32828, 49639, 20194, 3708, 9120, 5280, 14357, 62558, 49575, 11543, 27333, 43289, 59522, 4435, 8195, 15319, 1]],
[0,
[1]],
[
[[31,
[23982, 48916, 27188, 3621, 22587, 50955, 7455, 46251, 40406, 37465, 8857, 12775, 31004, 1712, 1224, 44738, 62415, 54800, 14696, 11680, 43970, 22638, 33452, 36862, 16264, 21727, 20475, 62061, 52802, 24399, 15299, 64501]]],
[[31,
[26967, 7039, 25337, 7716, 22261, 15346, 36703, 44744, 19863, 27090, 8297, 46929, 32324, 50020, 10084, 16319, 35031, 32552, 24299, 25840, 42344, 2, 37045, 47406, 16666, 44422, 33074, 34400, 48436, 49005, 59151, 30784]]],
[[31,
[3468, 3957, 31497, 5997, 59504, 6778, 27076, 54516, 29409, 1973, 22088, 37129, 20670, 4763, 24008, 59813, 30329, 39496, 17844, 36809, 5735, 23397, 16743, 20257, 12626, 24725, 6968, 60815, 18211, 9636, 63660, 26876]]],
[[31,
[31668, 6481, 52755, 33442, 22018, 3174, 35919, 46055, 34553, 51559, 40710, 53232, 48830, 28845, 62341, 50835, 6532, 30476, 53006, 46271, 54685, 22196, 18879, 48797, 25304, 46540, 46190, 61340, 5968, 10846, 4135, 12909]]],
[[31,
[8842, 16188, 22958, 51405, 41577, 30643, 9790, 25501, 46677, 32235, 7639, 4397, 2773, 21326, 39140, 53694, 18130, 60707, 52273, 42417, 38862, 57494, 61367, 65002, 24744, 37502, 14987, 65378, 58859, 37418, 39527, 31099]]],
[[31,
[29128, 50121, 59690, 36484, 43236, 10685, 13393, 7907, 30660, 63252, 59842, 52829, 9956, 13274, 48980, 44731, 52194, 41408, 49078, 13195, 19537, 12349, 121, 31733, 14650, 63408, 31673, 48637, 46622, 52725, 45937, 34374]]],
[[31,
[47280, 3586, 27029, 64951, 50648, 58405, 52454, 44771, 6451, 6568, 49232, 9754, 43775, 64227, 21581, 30021, 54503, 30614, 37654, 38079, 31688, 5810, 28208, 62943, 2934, 22523, 5994, 20291, 65368, 54017, 6233, 54126]]],
[[31,
[23721, 59476, 20829, 15226, 30738, 18129, 7747, 21104, 45960, 43139, 48888, 31959, 11380, 24864, 60570, 15059, 49406, 6106, 51077, 29708, 58789, 20809, 45129, 14352, 15831, 5516, 52827, 55874, 53916, 9043, 19861, 34156]]],
[[31,
[27153, 36188, 10544, 56678, 41570, 16282, 25887, 33765, 52396, 57192, 6802, 16018, 13680, 60333, 47801, 615, 5326, 33126, 40417, 29702, 48887, 6580, 63227, 57945, 65098, 7506, 57942, 18933, 24527, 38774, 51391, 17304]]],
[[31,
[42502, 50009, 40465, 15096, 9783, 61906, 60779, 25726, 9067, 38239, 47007, 49011, 53095, 55846, 30097, 35522, 43741, 12958, 55567, 23920, 34991, 20241, 22099, 36622, 58491, 6911, 20257, 1802, 9022, 12996, 54532, 49161]]],
[[31,
[10138, 60167, 15140, 52421, 34575, 62134, 17735, 2043, 35430, 59136, 37140, 42647, 14144, 31827, 18954, 54965, 63374, 58412, 17622, 26435, 46744, 31786, 32454, 3825, 15600, 48191, 28402, 24015, 37209, 13177, 18955, 5943]]],
[[31,
[3242, 16338, 24125, 40764, 28506, 10328, 34633, 57773, 26219, 7732, 4438, 49727, 44852, 23242, 35212, 59099, 30097, 8328, 53823, 47797, 40424, 64799, 27352, 32476, 737, 13834, 602, 41860, 54185, 31849, 7925, 61045]]],
[[31,
[14153, 9492, 21060, 60502, 38564, 50368, 27645, 18239, 14618, 23055, 33284, 27749, 55989, 30929, 38260, 4350, 10601, 12543, 829, 26738, 51737, 48589, 27821, 15626, 5336, 57249, 2830, 35915, 64790, 32087, 26935, 63143]]],
[[31,
[64739, 48817, 45986, 2313, 13670, 37194, 22691, 14614, 2215, 1249, 5550, 37162, 4489, 19286, 14271, 3967, 64561, 51754, 53561, 25638, 3352, 8172, 31572, 60617, 56976, 27666, 35057, 16847, 40561, 42831, 18477, 10849]]],
[[31,
[6996, 34526, 63469, 19092, 17816, 60207, 16135, 26756, 58512, 37941, 32078, 4680, 51210, 5865, 29903, 18064, 23394, 12988, 31238, 28030, 14073, 22350, 7566, 4718, 42336, 17053, 10785, 19245, 12558, 5199, 33629, 1782]]]
]]]]]:
